{"type":"server-started","port":60652,"host":"127.0.0.1","url_host":"localhost","url":"http://localhost:60652/?key=7bcea54b9b926c3f0a4b4b6e63a53eb60fd51616414def72379a6bad2ccea58c","screen_dir":"C:\\Users\\admin\\Desktop\\etf量化工具\\.superpowers\\brainstorm\\win-1783925652\\content","state_dir":"C:\\Users\\admin\\Desktop\\etf量化工具\\.superpowers\\brainstorm\\win-1783925652\\state","idle_timeout_ms":14400000}
{"type":"screen-added","file":"C:\\Users\\admin\\Desktop\\etf量化工具\\.superpowers\\brainstorm\\win-1783925652\\content\\layout-options.html"}
{"type":"screen-added","file":"C:\\Users\\admin\\Desktop\\etf量化工具\\.superpowers\\brainstorm\\win-1783925652\\content\\two-matrix-layout.html"}
{"type":"screen-added","file":"C:\\Users\\admin\\Desktop\\etf量化工具\\.superpowers\\brainstorm\\win-1783925652\\content\\waiting-progress-basis.html"}
{"type":"screen-added","file":"C:\\Users\\admin\\Desktop\\etf量化工具\\.superpowers\\brainstorm\\win-1783925652\\content\\final-page-composition.html"}
{"type":"screen-added","file":"C:\\Users\\admin\\Desktop\\etf量化工具\\.superpowers\\brainstorm\\win-1783925652\\content\\single-overlay-matrix.html"}
{"type":"screen-added","file":"C:\\Users\\admin\\Desktop\\etf量化工具\\.superpowers\\brainstorm\\win-1783925652\\content\\fixed-allocation-bar.html"}
{"type":"screen-added","file":"C:\\Users\\admin\\Desktop\\etf量化工具\\.superpowers\\brainstorm\\win-1783925652\\content\\instrument-color-coding.html"}
{"type":"screen-added","file":"C:\\Users\\admin\\Desktop\\etf量化工具\\.superpowers\\brainstorm\\win-1783925652\\content\\wide-category-coding.html"}
{"type":"screen-added","file":"C:\\Users\\admin\\Desktop\\etf量化工具\\.superpowers\\brainstorm\\win-1783925652\\content\\clear-group-boundaries.html"}
{"type":"screen-added","file":"C:\\Users\\admin\\Desktop\\etf量化工具\\.superpowers\\brainstorm\\win-1783925652\\content\\separate-progress-bars.html"}
{"source":"user-event","type":"click","text":"✓分开更清楚四只ETF各自看缺口，现金单独显示。","choice":"approve-separate-bars","id":null,"timestamp":1783928357101}
{"source":"user-event","type":"click","text":"✓分开更清楚四只ETF各自看缺口，现金单独显示。","choice":"approve-separate-bars","id":null,"timestamp":1783928359159}
{"type":"screen-added","file":"C:\\Users\\admin\\Desktop\\etf量化工具\\.superpowers\\brainstorm\\win-1783925652\\content\\separate-bars-blue-300.html"}
{"type":"screen-added","file":"C:\\Users\\admin\\Desktop\\etf量化工具\\.superpowers\\brainstorm\\win-1783925652\\content\\separate-bars-actual-values.html"}
{"type":"screen-added","file":"C:\\Users\\admin\\Desktop\\etf量化工具\\.superpowers\\brainstorm\\win-1783925652\\content\\full-purchase-plan-page.html"}
{"type":"screen-added","file":"C:\\Users\\admin\\Desktop\\etf量化工具\\.superpowers\\brainstorm\\win-1783925652\\content\\manual-mark-interaction.html"}
{"type":"screen-added","file":"C:\\Users\\admin\\Desktop\\etf量化工具\\.superpowers\\brainstorm\\win-1783925652\\content\\cell-click-confirm.html"}
{"type":"screen-updated","file":"C:\\Users\\admin\\Desktop\\etf量化工具\\.superpowers\\brainstorm\\win-1783925652\\content\\layout-options.html"}
{"type":"screen-added","file":"C:\\Users\\admin\\Desktop\\etf量化工具\\.superpowers\\brainstorm\\win-1783925652\\content\\full-page-final-preview.html"}
{"type":"screen-updated","file":"C:\\Users\\admin\\Desktop\\etf量化工具\\.superpowers\\brainstorm\\win-1783925652\\content\\two-matrix-layout.html"}
{"type":"screen-updated","file":"C:\\Users\\admin\\Desktop\\etf量化工具\\.superpowers\\brainstorm\\win-1783925652\\content\\waiting-progress-basis.html"}
{"type":"screen-updated","file":"C:\\Users\\admin\\Desktop\\etf量化工具\\.superpowers\\brainstorm\\win-1783925652\\content\\final-page-composition.html"}
{"type":"screen-updated","file":"C:\\Users\\admin\\Desktop\\etf量化工具\\.superpowers\\brainstorm\\win-1783925652\\content\\single-overlay-matrix.html"}
{"type":"screen-updated","file":"C:\\Users\\admin\\Desktop\\etf量化工具\\.superpowers\\brainstorm\\win-1783925652\\content\\fixed-allocation-bar.html"}
{"type":"screen-updated","file":"C:\\Users\\admin\\Desktop\\etf量化工具\\.superpowers\\brainstorm\\win-1783925652\\content\\instrument-color-coding.html"}
{"type":"screen-updated","file":"C:\\Users\\admin\\Desktop\\etf量化工具\\.superpowers\\brainstorm\\win-1783925652\\content\\wide-category-coding.html"}
{"type":"screen-updated","file":"C:\\Users\\admin\\Desktop\\etf量化工具\\.superpowers\\brainstorm\\win-1783925652\\content\\clear-group-boundaries.html"}
{"type":"screen-updated","file":"C:\\Users\\admin\\Desktop\\etf量化工具\\.superpowers\\brainstorm\\win-1783925652\\content\\separate-progress-bars.html"}
{"type":"screen-updated","file":"C:\\Users\\admin\\Desktop\\etf量化工具\\.superpowers\\brainstorm\\win-1783925652\\content\\separate-bars-blue-300.html"}
{"type":"screen-updated","file":"C:\\Users\\admin\\Desktop\\etf量化工具\\.superpowers\\brainstorm\\win-1783925652\\content\\separate-bars-actual-values.html"}
{"type":"screen-updated","file":"C:\\Users\\admin\\Desktop\\etf量化工具\\.superpowers\\brainstorm\\win-1783925652\\content\\full-purchase-plan-page.html"}
{"type":"screen-updated","file":"C:\\Users\\admin\\Desktop\\etf量化工具\\.superpowers\\brainstorm\\win-1783925652\\content\\manual-mark-interaction.html"}
{"type":"screen-updated","file":"C:\\Users\\admin\\Desktop\\etf量化工具\\.superpowers\\brainstorm\\win-1783925652\\content\\cell-click-confirm.html"}
{"type":"screen-updated","file":"C:\\Users\\admin\\Desktop\\etf量化工具\\.superpowers\\brainstorm\\win-1783925652\\content\\full-page-final-preview.html"}
{"type":"screen-updated","file":"C:\\Users\\admin\\Desktop\\etf量化工具\\.superpowers\\brainstorm\\win-1783925652\\content\\layout-options.html"}
{"type":"screen-updated","file":"C:\\Users\\admin\\Desktop\\etf量化工具\\.superpowers\\brainstorm\\win-1783925652\\content\\two-matrix-layout.html"}
{"type":"screen-updated","file":"C:\\Users\\admin\\Desktop\\etf量化工具\\.superpowers\\brainstorm\\win-1783925652\\content\\final-page-composition.html"}
{"type":"screen-updated","file":"C:\\Users\\admin\\Desktop\\etf量化工具\\.superpowers\\brainstorm\\win-1783925652\\content\\single-overlay-matrix.html"}
{"type":"screen-updated","file":"C:\\Users\\admin\\Desktop\\etf量化工具\\.superpowers\\brainstorm\\win-1783925652\\content\\waiting-progress-basis.html"}
{"type":"screen-updated","file":"C:\\Users\\admin\\Desktop\\etf量化工具\\.superpowers\\brainstorm\\win-1783925652\\content\\fixed-allocation-bar.html"}
{"type":"screen-updated","file":"C:\\Users\\admin\\Desktop\\etf量化工具\\.superpowers\\brainstorm\\win-1783925652\\content\\instrument-color-coding.html"}
{"type":"screen-updated","file":"C:\\Users\\admin\\Desktop\\etf量化工具\\.superpowers\\brainstorm\\win-1783925652\\content\\wide-category-coding.html"}
{"type":"screen-updated","file":"C:\\Users\\admin\\Desktop\\etf量化工具\\.superpowers\\brainstorm\\win-1783925652\\content\\clear-group-boundaries.html"}
{"type":"screen-updated","file":"C:\\Users\\admin\\Desktop\\etf量化工具\\.superpowers\\brainstorm\\win-1783925652\\content\\separate-progress-bars.html"}
{"type":"screen-updated","file":"C:\\Users\\admin\\Desktop\\etf量化工具\\.superpowers\\brainstorm\\win-1783925652\\content\\separate-bars-blue-300.html"}
{"type":"screen-updated","file":"C:\\Users\\admin\\Desktop\\etf量化工具\\.superpowers\\brainstorm\\win-1783925652\\content\\cell-click-confirm.html"}
{"type":"screen-updated","file":"C:\\Users\\admin\\Desktop\\etf量化工具\\.superpowers\\brainstorm\\win-1783925652\\content\\full-purchase-plan-page.html"}
{"type":"screen-updated","file":"C:\\Users\\admin\\Desktop\\etf量化工具\\.superpowers\\brainstorm\\win-1783925652\\content\\manual-mark-interaction.html"}
{"type":"screen-updated","file":"C:\\Users\\admin\\Desktop\\etf量化工具\\.superpowers\\brainstorm\\win-1783925652\\content\\separate-bars-actual-values.html"}
{"type":"server-stopped","reason":"idle timeout"}
